cargo : warning: use of 
deprecated method `egui::Co
ntext::screen_rect`: 
screen_rect has been split 
into viewport_rect() and 
content_rect(). You likely 
should use content_rect()
At line:1 char:1
+ cargo check 2>&1 | 
Out-File -FilePath 
build_output.txt; 
Get-Content b ...
+ ~~~~~~~~~~~~~~~~
    + CategoryInfo         
     : NotSpecified: (war  
  ning: use of... conten   
 t_rect():String) [], R    
emoteException
    + FullyQualifiedErrorI 
   d : NativeCommandError
 
   --> src\main.rs:335:52
    |
335 | ...                  
 let center = ui.ctx().scre
en_rect().center().to_vec2(
);
    |                      
                       
^^^^^^^^^^^
    |
    = note: 
`#[warn(deprecated)]` on 
by default

warning: unused variable: 
`pos`
   --> src\editor.rs:407:42
    |
407 | ...                  
 if let Some(pos) = 
pointer_pos {
    |                      
             ^^^ help: if 
this is intentional, 
prefix it with an 
underscore: `_pos`
    |
    = note: `#[warn(unused_
variables)]` on by default

warning: value assigned to 
`activate_first` is never 
read
   --> src\editor.rs:502:29
    |
502 | ...                  
 activate_first = false;
    |                      
 ^^^^^^^^^^^^^^
    |
    = help: maybe it is 
overwritten before being 
read?
    = note: `#[warn(unused_
assignments)]` on by 
default

warning: associated 
function `new` is never 
used
  --> src\history.rs:22:12
   |
21 | impl UndoStack {
   | -------------- 
associated function in 
this implementation
22 |     pub fn new() -> 
Self {
   |            ^^^
   |
   = note: 
`#[warn(dead_code)]` on by 
default

warning: `egui_blueprint` 
(bin "egui_blueprint") 
generated 4 warnings
    Finished `dev` profile 
[unoptimized + debuginfo] 
target(s) in 0.38s
